16:15:33 **** Incremental Build of configuration Debug for project Blinky_CM4 ****
make -j9 all 
arm-none-eabi-size   Blinky_CM4.elf 
   text	   data	    bss	    dec	    hex	filename
   3244	     24	   1568	   4836	   12e4	Blinky_CM4.elf
Finished building: default.size.stdout
 
16:17:01 **** Incremental Build of configuration Debug for project Blinky_CM4 ****
make -j9 all 
arm-none-eabi-gcc "/Users/soft99/STM32H7samplecodes/Blinky/Drivers/STM32H7xx_HAL_Driver/Src/stm32h7xx_hal.c" -mcpu=cortex-m4 -std=gnu11 -g3 -DDEBUG -DCORE_CM4 -DUSE_HAL_DRIVER -DSTM32H747xx -c -I../Core/Inc -I../../Drivers/STM32H7xx_HAL_Driver/Inc -I../../Drivers/STM32H7xx_HAL_Driver/Inc/Legacy -I../../Drivers/CMSIS/Device/ST/STM32H7xx/Include -I../../Drivers/CMSIS/Include -O0 -ffunction-sections -fdata-sections -Wall -fstack-usage -MMD -MP -MF"Drivers/STM32H7xx_HAL_Driver/stm32h7xx_hal.d" -MT"Drivers/STM32H7xx_HAL_Driver/stm32h7xx_hal.o" --specs=nano.specs -mfpu=fpv4-sp-d16 -mfloat-abi=hard -mthumb -o "Drivers/STM32H7xx_HAL_Driver/stm32h7xx_hal.o"
arm-none-eabi-gcc "/Users/soft99/STM32H7samplecodes/Blinky/Drivers/STM32H7xx_HAL_Driver/Src/stm32h7xx_hal_cortex.c" -mcpu=cortex-m4 -std=gnu11 -g3 -DDEBUG -DCORE_CM4 -DUSE_HAL_DRIVER -DSTM32H747xx -c -I../Core/Inc -I../../Drivers/STM32H7xx_HAL_Driver/Inc -I../../Drivers/STM32H7xx_HAL_Driver/Inc/Legacy -I../../Drivers/CMSIS/Device/ST/STM32H7xx/Include -I../../Drivers/CMSIS/Include -O0 -ffunction-sections -fdata-sections -Wall -fstack-usage -MMD -MP -MF"Drivers/STM32H7xx_HAL_Driver/stm32h7xx_hal_cortex.d" -MT"Drivers/STM32H7xx_HAL_Driver/stm32h7xx_hal_cortex.o" --specs=nano.specs -mfpu=fpv4-sp-d16 -mfloat-abi=hard -mthumb -o "Drivers/STM32H7xx_HAL_Driver/stm32h7xx_hal_cortex.o"
arm-none-eabi-gcc "/Users/soft99/STM32H7samplecodes/Blinky/Drivers/STM32H7xx_HAL_Driver/Src/stm32h7xx_hal_dma.c" -mcpu=cortex-m4 -std=gnu11 -g3 -DDEBUG -DCORE_CM4 -DUSE_HAL_DRIVER -DSTM32H747xx -c -I../Core/Inc -I../../Drivers/STM32H7xx_HAL_Driver/Inc -I../../Drivers/STM32H7xx_HAL_Driver/Inc/Legacy -I../../Drivers/CMSIS/Device/ST/STM32H7xx/Include -I../../Drivers/CMSIS/Include -O0 -ffunction-sections -fdata-sections -Wall -fstack-usage -MMD -MP -MF"Drivers/STM32H7xx_HAL_Driver/stm32h7xx_hal_dma.d" -MT"Drivers/STM32H7xx_HAL_Driver/stm32h7xx_hal_dma.o" --specs=nano.specs -mfpu=fpv4-sp-d16 -mfloat-abi=hard -mthumb -o "Drivers/STM32H7xx_HAL_Driver/stm32h7xx_hal_dma.o"
arm-none-eabi-gcc "/Users/soft99/STM32H7samplecodes/Blinky/Drivers/STM32H7xx_HAL_Driver/Src/stm32h7xx_hal_dma_ex.c" -mcpu=cortex-m4 -std=gnu11 -g3 -DDEBUG -DCORE_CM4 -DUSE_HAL_DRIVER -DSTM32H747xx -c -I../Core/Inc -I../../Drivers/STM32H7xx_HAL_Driver/Inc -I../../Drivers/STM32H7xx_HAL_Driver/Inc/Legacy -I../../Drivers/CMSIS/Device/ST/STM32H7xx/Include -I../../Drivers/CMSIS/Include -O0 -ffunction-sections -fdata-sections -Wall -fstack-usage -MMD -MP -MF"Drivers/STM32H7xx_HAL_Driver/stm32h7xx_hal_dma_ex.d" -MT"Drivers/STM32H7xx_HAL_Driver/stm32h7xx_hal_dma_ex.o" --specs=nano.specs -mfpu=fpv4-sp-d16 -mfloat-abi=hard -mthumb -o "Drivers/STM32H7xx_HAL_Driver/stm32h7xx_hal_dma_ex.o"
arm-none-eabi-gcc "/Users/soft99/STM32H7samplecodes/Blinky/Drivers/STM32H7xx_HAL_Driver/Src/stm32h7xx_hal_exti.c" -mcpu=cortex-m4 -std=gnu11 -g3 -DDEBUG -DCORE_CM4 -DUSE_HAL_DRIVER -DSTM32H747xx -c -I../Core/Inc -I../../Drivers/STM32H7xx_HAL_Driver/Inc -I../../Drivers/STM32H7xx_HAL_Driver/Inc/Legacy -I../../Drivers/CMSIS/Device/ST/STM32H7xx/Include -I../../Drivers/CMSIS/Include -O0 -ffunction-sections -fdata-sections -Wall -fstack-usage -MMD -MP -MF"Drivers/STM32H7xx_HAL_Driver/stm32h7xx_hal_exti.d" -MT"Drivers/STM32H7xx_HAL_Driver/stm32h7xx_hal_exti.o" --specs=nano.specs -mfpu=fpv4-sp-d16 -mfloat-abi=hard -mthumb -o "Drivers/STM32H7xx_HAL_Driver/stm32h7xx_hal_exti.o"
arm-none-eabi-gcc "/Users/soft99/STM32H7samplecodes/Blinky/Drivers/STM32H7xx_HAL_Driver/Src/stm32h7xx_hal_flash.c" -mcpu=cortex-m4 -std=gnu11 -g3 -DDEBUG -DCORE_CM4 -DUSE_HAL_DRIVER -DSTM32H747xx -c -I../Core/Inc -I../../Drivers/STM32H7xx_HAL_Driver/Inc -I../../Drivers/STM32H7xx_HAL_Driver/Inc/Legacy -I../../Drivers/CMSIS/Device/ST/STM32H7xx/Include -I../../Drivers/CMSIS/Include -O0 -ffunction-sections -fdata-sections -Wall -fstack-usage -MMD -MP -MF"Drivers/STM32H7xx_HAL_Driver/stm32h7xx_hal_flash.d" -MT"Drivers/STM32H7xx_HAL_Driver/stm32h7xx_hal_flash.o" --specs=nano.specs -mfpu=fpv4-sp-d16 -mfloat-abi=hard -mthumb -o "Drivers/STM32H7xx_HAL_Driver/stm32h7xx_hal_flash.o"
arm-none-eabi-gcc "/Users/soft99/STM32H7samplecodes/Blinky/Drivers/STM32H7xx_HAL_Driver/Src/stm32h7xx_hal_flash_ex.c" -mcpu=cortex-m4 -std=gnu11 -g3 -DDEBUG -DCORE_CM4 -DUSE_HAL_DRIVER -DSTM32H747xx -c -I../Core/Inc -I../../Drivers/STM32H7xx_HAL_Driver/Inc -I../../Drivers/STM32H7xx_HAL_Driver/Inc/Legacy -I../../Drivers/CMSIS/Device/ST/STM32H7xx/Include -I../../Drivers/CMSIS/Include -O0 -ffunction-sections -fdata-sections -Wall -fstack-usage -MMD -MP -MF"Drivers/STM32H7xx_HAL_Driver/stm32h7xx_hal_flash_ex.d" -MT"Drivers/STM32H7xx_HAL_Driver/stm32h7xx_hal_flash_ex.o" --specs=nano.specs -mfpu=fpv4-sp-d16 -mfloat-abi=hard -mthumb -o "Drivers/STM32H7xx_HAL_Driver/stm32h7xx_hal_flash_ex.o"
arm-none-eabi-gcc "/Users/soft99/STM32H7samplecodes/Blinky/Drivers/STM32H7xx_HAL_Driver/Src/stm32h7xx_hal_gpio.c" -mcpu=cortex-m4 -std=gnu11 -g3 -DDEBUG -DCORE_CM4 -DUSE_HAL_DRIVER -DSTM32H747xx -c -I../Core/Inc -I../../Drivers/STM32H7xx_HAL_Driver/Inc -I../../Drivers/STM32H7xx_HAL_Driver/Inc/Legacy -I../../Drivers/CMSIS/Device/ST/STM32H7xx/Include -I../../Drivers/CMSIS/Include -O0 -ffunction-sections -fdata-sections -Wall -fstack-usage -MMD -MP -MF"Drivers/STM32H7xx_HAL_Driver/stm32h7xx_hal_gpio.d" -MT"Drivers/STM32H7xx_HAL_Driver/stm32h7xx_hal_gpio.o" --specs=nano.specs -mfpu=fpv4-sp-d16 -mfloat-abi=hard -mthumb -o "Drivers/STM32H7xx_HAL_Driver/stm32h7xx_hal_gpio.o"
arm-none-eabi-gcc "/Users/soft99/STM32H7samplecodes/Blinky/Drivers/STM32H7xx_HAL_Driver/Src/stm32h7xx_hal_hsem.c" -mcpu=cortex-m4 -std=gnu11 -g3 -DDEBUG -DCORE_CM4 -DUSE_HAL_DRIVER -DSTM32H747xx -c -I../Core/Inc -I../../Drivers/STM32H7xx_HAL_Driver/Inc -I../../Drivers/STM32H7xx_HAL_Driver/Inc/Legacy -I../../Drivers/CMSIS/Device/ST/STM32H7xx/Include -I../../Drivers/CMSIS/Include -O0 -ffunction-sections -fdata-sections -Wall -fstack-usage -MMD -MP -MF"Drivers/STM32H7xx_HAL_Driver/stm32h7xx_hal_hsem.d" -MT"Drivers/STM32H7xx_HAL_Driver/stm32h7xx_hal_hsem.o" --specs=nano.specs -mfpu=fpv4-sp-d16 -mfloat-abi=hard -mthumb -o "Drivers/STM32H7xx_HAL_Driver/stm32h7xx_hal_hsem.o"
arm-none-eabi-gcc "/Users/soft99/STM32H7samplecodes/Blinky/Drivers/STM32H7xx_HAL_Driver/Src/stm32h7xx_hal_i2c.c" -mcpu=cortex-m4 -std=gnu11 -g3 -DDEBUG -DCORE_CM4 -DUSE_HAL_DRIVER -DSTM32H747xx -c -I../Core/Inc -I../../Drivers/STM32H7xx_HAL_Driver/Inc -I../../Drivers/STM32H7xx_HAL_Driver/Inc/Legacy -I../../Drivers/CMSIS/Device/ST/STM32H7xx/Include -I../../Drivers/CMSIS/Include -O0 -ffunction-sections -fdata-sections -Wall -fstack-usage -MMD -MP -MF"Drivers/STM32H7xx_HAL_Driver/stm32h7xx_hal_i2c.d" -MT"Drivers/STM32H7xx_HAL_Driver/stm32h7xx_hal_i2c.o" --specs=nano.specs -mfpu=fpv4-sp-d16 -mfloat-abi=hard -mthumb -o "Drivers/STM32H7xx_HAL_Driver/stm32h7xx_hal_i2c.o"
arm-none-eabi-gcc "/Users/soft99/STM32H7samplecodes/Blinky/Drivers/STM32H7xx_HAL_Driver/Src/stm32h7xx_hal_i2c_ex.c" -mcpu=cortex-m4 -std=gnu11 -g3 -DDEBUG -DCORE_CM4 -DUSE_HAL_DRIVER -DSTM32H747xx -c -I../Core/Inc -I../../Drivers/STM32H7xx_HAL_Driver/Inc -I../../Drivers/STM32H7xx_HAL_Driver/Inc/Legacy -I../../Drivers/CMSIS/Device/ST/STM32H7xx/Include -I../../Drivers/CMSIS/Include -O0 -ffunction-sections -fdata-sections -Wall -fstack-usage -MMD -MP -MF"Drivers/STM32H7xx_HAL_Driver/stm32h7xx_hal_i2c_ex.d" -MT"Drivers/STM32H7xx_HAL_Driver/stm32h7xx_hal_i2c_ex.o" --specs=nano.specs -mfpu=fpv4-sp-d16 -mfloat-abi=hard -mthumb -o "Drivers/STM32H7xx_HAL_Driver/stm32h7xx_hal_i2c_ex.o"
arm-none-eabi-gcc "/Users/soft99/STM32H7samplecodes/Blinky/Drivers/STM32H7xx_HAL_Driver/Src/stm32h7xx_hal_mdma.c" -mcpu=cortex-m4 -std=gnu11 -g3 -DDEBUG -DCORE_CM4 -DUSE_HAL_DRIVER -DSTM32H747xx -c -I../Core/Inc -I../../Drivers/STM32H7xx_HAL_Driver/Inc -I../../Drivers/STM32H7xx_HAL_Driver/Inc/Legacy -I../../Drivers/CMSIS/Device/ST/STM32H7xx/Include -I../../Drivers/CMSIS/Include -O0 -ffunction-sections -fdata-sections -Wall -fstack-usage -MMD -MP -MF"Drivers/STM32H7xx_HAL_Driver/stm32h7xx_hal_mdma.d" -MT"Drivers/STM32H7xx_HAL_Driver/stm32h7xx_hal_mdma.o" --specs=nano.specs -mfpu=fpv4-sp-d16 -mfloat-abi=hard -mthumb -o "Drivers/STM32H7xx_HAL_Driver/stm32h7xx_hal_mdma.o"
arm-none-eabi-gcc "/Users/soft99/STM32H7samplecodes/Blinky/Drivers/STM32H7xx_HAL_Driver/Src/stm32h7xx_hal_pwr.c" -mcpu=cortex-m4 -std=gnu11 -g3 -DDEBUG -DCORE_CM4 -DUSE_HAL_DRIVER -DSTM32H747xx -c -I../Core/Inc -I../../Drivers/STM32H7xx_HAL_Driver/Inc -I../../Drivers/STM32H7xx_HAL_Driver/Inc/Legacy -I../../Drivers/CMSIS/Device/ST/STM32H7xx/Include -I../../Drivers/CMSIS/Include -O0 -ffunction-sections -fdata-sections -Wall -fstack-usage -MMD -MP -MF"Drivers/STM32H7xx_HAL_Driver/stm32h7xx_hal_pwr.d" -MT"Drivers/STM32H7xx_HAL_Driver/stm32h7xx_hal_pwr.o" --specs=nano.specs -mfpu=fpv4-sp-d16 -mfloat-abi=hard -mthumb -o "Drivers/STM32H7xx_HAL_Driver/stm32h7xx_hal_pwr.o"
arm-none-eabi-gcc "/Users/soft99/STM32H7samplecodes/Blinky/Drivers/STM32H7xx_HAL_Driver/Src/stm32h7xx_hal_pwr_ex.c" -mcpu=cortex-m4 -std=gnu11 -g3 -DDEBUG -DCORE_CM4 -DUSE_HAL_DRIVER -DSTM32H747xx -c -I../Core/Inc -I../../Drivers/STM32H7xx_HAL_Driver/Inc -I../../Drivers/STM32H7xx_HAL_Driver/Inc/Legacy -I../../Drivers/CMSIS/Device/ST/STM32H7xx/Include -I../../Drivers/CMSIS/Include -O0 -ffunction-sections -fdata-sections -Wall -fstack-usage -MMD -MP -MF"Drivers/STM32H7xx_HAL_Driver/stm32h7xx_hal_pwr_ex.d" -MT"Drivers/STM32H7xx_HAL_Driver/stm32h7xx_hal_pwr_ex.o" --specs=nano.specs -mfpu=fpv4-sp-d16 -mfloat-abi=hard -mthumb -o "Drivers/STM32H7xx_HAL_Driver/stm32h7xx_hal_pwr_ex.o"
arm-none-eabi-gcc "/Users/soft99/STM32H7samplecodes/Blinky/Drivers/STM32H7xx_HAL_Driver/Src/stm32h7xx_hal_rcc.c" -mcpu=cortex-m4 -std=gnu11 -g3 -DDEBUG -DCORE_CM4 -DUSE_HAL_DRIVER -DSTM32H747xx -c -I../Core/Inc -I../../Drivers/STM32H7xx_HAL_Driver/Inc -I../../Drivers/STM32H7xx_HAL_Driver/Inc/Legacy -I../../Drivers/CMSIS/Device/ST/STM32H7xx/Include -I../../Drivers/CMSIS/Include -O0 -ffunction-sections -fdata-sections -Wall -fstack-usage -MMD -MP -MF"Drivers/STM32H7xx_HAL_Driver/stm32h7xx_hal_rcc.d" -MT"Drivers/STM32H7xx_HAL_Driver/stm32h7xx_hal_rcc.o" --specs=nano.specs -mfpu=fpv4-sp-d16 -mfloat-abi=hard -mthumb -o "Drivers/STM32H7xx_HAL_Driver/stm32h7xx_hal_rcc.o"
arm-none-eabi-gcc "/Users/soft99/STM32H7samplecodes/Blinky/Drivers/STM32H7xx_HAL_Driver/Src/stm32h7xx_hal_rcc_ex.c" -mcpu=cortex-m4 -std=gnu11 -g3 -DDEBUG -DCORE_CM4 -DUSE_HAL_DRIVER -DSTM32H747xx -c -I../Core/Inc -I../../Drivers/STM32H7xx_HAL_Driver/Inc -I../../Drivers/STM32H7xx_HAL_Driver/Inc/Legacy -I../../Drivers/CMSIS/Device/ST/STM32H7xx/Include -I../../Drivers/CMSIS/Include -O0 -ffunction-sections -fdata-sections -Wall -fstack-usage -MMD -MP -MF"Drivers/STM32H7xx_HAL_Driver/stm32h7xx_hal_rcc_ex.d" -MT"Drivers/STM32H7xx_HAL_Driver/stm32h7xx_hal_rcc_ex.o" --specs=nano.specs -mfpu=fpv4-sp-d16 -mfloat-abi=hard -mthumb -o "Drivers/STM32H7xx_HAL_Driver/stm32h7xx_hal_rcc_ex.o"
arm-none-eabi-gcc "/Users/soft99/STM32H7samplecodes/Blinky/Drivers/STM32H7xx_HAL_Driver/Src/stm32h7xx_hal_tim.c" -mcpu=cortex-m4 -std=gnu11 -g3 -DDEBUG -DCORE_CM4 -DUSE_HAL_DRIVER -DSTM32H747xx -c -I../Core/Inc -I../../Drivers/STM32H7xx_HAL_Driver/Inc -I../../Drivers/STM32H7xx_HAL_Driver/Inc/Legacy -I../../Drivers/CMSIS/Device/ST/STM32H7xx/Include -I../../Drivers/CMSIS/Include -O0 -ffunction-sections -fdata-sections -Wall -fstack-usage -MMD -MP -MF"Drivers/STM32H7xx_HAL_Driver/stm32h7xx_hal_tim.d" -MT"Drivers/STM32H7xx_HAL_Driver/stm32h7xx_hal_tim.o" --specs=nano.specs -mfpu=fpv4-sp-d16 -mfloat-abi=hard -mthumb -o "Drivers/STM32H7xx_HAL_Driver/stm32h7xx_hal_tim.o"
arm-none-eabi-gcc "/Users/soft99/STM32H7samplecodes/Blinky/Drivers/STM32H7xx_HAL_Driver/Src/stm32h7xx_hal_tim_ex.c" -mcpu=cortex-m4 -std=gnu11 -g3 -DDEBUG -DCORE_CM4 -DUSE_HAL_DRIVER -DSTM32H747xx -c -I../Core/Inc -I../../Drivers/STM32H7xx_HAL_Driver/Inc -I../../Drivers/STM32H7xx_HAL_Driver/Inc/Legacy -I../../Drivers/CMSIS/Device/ST/STM32H7xx/Include -I../../Drivers/CMSIS/Include -O0 -ffunction-sections -fdata-sections -Wall -fstack-usage -MMD -MP -MF"Drivers/STM32H7xx_HAL_Driver/stm32h7xx_hal_tim_ex.d" -MT"Drivers/STM32H7xx_HAL_Driver/stm32h7xx_hal_tim_ex.o" --specs=nano.specs -mfpu=fpv4-sp-d16 -mfloat-abi=hard -mthumb -o "Drivers/STM32H7xx_HAL_Driver/stm32h7xx_hal_tim_ex.o"
arm-none-eabi-gcc "../Core/Src/main.c" -mcpu=cortex-m4 -std=gnu11 -g3 -DDEBUG -DCORE_CM4 -DUSE_HAL_DRIVER -DSTM32H747xx -c -I../Core/Inc -I../../Drivers/STM32H7xx_HAL_Driver/Inc -I../../Drivers/STM32H7xx_HAL_Driver/Inc/Legacy -I../../Drivers/CMSIS/Device/ST/STM32H7xx/Include -I../../Drivers/CMSIS/Include -O0 -ffunction-sections -fdata-sections -Wall -fstack-usage -MMD -MP -MF"Core/Src/main.d" -MT"Core/Src/main.o" --specs=nano.specs -mfpu=fpv4-sp-d16 -mfloat-abi=hard -mthumb -o "Core/Src/main.o"
arm-none-eabi-gcc "../Core/Src/stm32h7xx_hal_msp.c" -mcpu=cortex-m4 -std=gnu11 -g3 -DDEBUG -DCORE_CM4 -DUSE_HAL_DRIVER -DSTM32H747xx -c -I../Core/Inc -I../../Drivers/STM32H7xx_HAL_Driver/Inc -I../../Drivers/STM32H7xx_HAL_Driver/Inc/Legacy -I../../Drivers/CMSIS/Device/ST/STM32H7xx/Include -I../../Drivers/CMSIS/Include -O0 -ffunction-sections -fdata-sections -Wall -fstack-usage -MMD -MP -MF"Core/Src/stm32h7xx_hal_msp.d" -MT"Core/Src/stm32h7xx_hal_msp.o" --specs=nano.specs -mfpu=fpv4-sp-d16 -mfloat-abi=hard -mthumb -o "Core/Src/stm32h7xx_hal_msp.o"
arm-none-eabi-gcc "../Core/Src/stm32h7xx_it.c" -mcpu=cortex-m4 -std=gnu11 -g3 -DDEBUG -DCORE_CM4 -DUSE_HAL_DRIVER -DSTM32H747xx -c -I../Core/Inc -I../../Drivers/STM32H7xx_HAL_Driver/Inc -I../../Drivers/STM32H7xx_HAL_Driver/Inc/Legacy -I../../Drivers/CMSIS/Device/ST/STM32H7xx/Include -I../../Drivers/CMSIS/Include -O0 -ffunction-sections -fdata-sections -Wall -fstack-usage -MMD -MP -MF"Core/Src/stm32h7xx_it.d" -MT"Core/Src/stm32h7xx_it.o" --specs=nano.specs -mfpu=fpv4-sp-d16 -mfloat-abi=hard -mthumb -o "Core/Src/stm32h7xx_it.o"
arm-none-eabi-gcc "/Users/soft99/STM32H7samplecodes/Blinky/Common/Src/system_stm32h7xx_dualcore_boot_cm4_cm7.c" -mcpu=cortex-m4 -std=gnu11 -g3 -DDEBUG -DCORE_CM4 -DUSE_HAL_DRIVER -DSTM32H747xx -c -I../Core/Inc -I../../Drivers/STM32H7xx_HAL_Driver/Inc -I../../Drivers/STM32H7xx_HAL_Driver/Inc/Legacy -I../../Drivers/CMSIS/Device/ST/STM32H7xx/Include -I../../Drivers/CMSIS/Include -O0 -ffunction-sections -fdata-sections -Wall -fstack-usage -MMD -MP -MF"Common/Src/system_stm32h7xx_dualcore_boot_cm4_cm7.d" -MT"Common/Src/system_stm32h7xx_dualcore_boot_cm4_cm7.o" --specs=nano.specs -mfpu=fpv4-sp-d16 -mfloat-abi=hard -mthumb -o "Common/Src/system_stm32h7xx_dualcore_boot_cm4_cm7.o"
arm-none-eabi-gcc -o "Blinky_CM4.elf" @"objects.list"   -mcpu=cortex-m4 -T"/Users/soft99/STM32H7samplecodes/Blinky/CM4/STM32H747XIHX_FLASH.ld" --specs=nosys.specs -Wl,-Map="Blinky_CM4.map" -Wl,--gc-sections -static --specs=nano.specs -mfpu=fpv4-sp-d16 -mfloat-abi=hard -mthumb -Wl,--start-group -lc -lm -Wl,--end-group
Finished building target: Blinky_CM4.elf
 
arm-none-eabi-size   Blinky_CM4.elf 
arm-none-eabi-objdump -h -S  Blinky_CM4.elf  > "Blinky_CM4.list"
   text	   data	    bss	    dec	    hex	filename
   3244	     24	   1568	   4836	   12e4	Blinky_CM4.elf
Finished building: default.size.stdout
 
Finished building: Blinky_CM4.list
 
16:17:03 **** Incremental Build of configuration Debug for project Blinky_CM7 ****
make -j9 all 
arm-none-eabi-gcc "/Users/soft99/STM32H7samplecodes/Blinky/Drivers/STM32H7xx_HAL_Driver/Src/stm32h7xx_hal.c" -mcpu=cortex-m7 -std=gnu11 -g3 -DDEBUG -DCORE_CM7 -DUSE_HAL_DRIVER -DSTM32H747xx -c -I../Core/Inc -I../../Drivers/STM32H7xx_HAL_Driver/Inc -I../../Drivers/STM32H7xx_HAL_Driver/Inc/Legacy -I../../Drivers/CMSIS/Device/ST/STM32H7xx/Include -I../../Drivers/CMSIS/Include -O0 -ffunction-sections -fdata-sections -Wall -fstack-usage -MMD -MP -MF"Drivers/STM32H7xx_HAL_Driver/stm32h7xx_hal.d" -MT"Drivers/STM32H7xx_HAL_Driver/stm32h7xx_hal.o" --specs=nano.specs -mfpu=fpv5-d16 -mfloat-abi=hard -mthumb -o "Drivers/STM32H7xx_HAL_Driver/stm32h7xx_hal.o"
arm-none-eabi-gcc "/Users/soft99/STM32H7samplecodes/Blinky/Drivers/STM32H7xx_HAL_Driver/Src/stm32h7xx_hal_cortex.c" -mcpu=cortex-m7 -std=gnu11 -g3 -DDEBUG -DCORE_CM7 -DUSE_HAL_DRIVER -DSTM32H747xx -c -I../Core/Inc -I../../Drivers/STM32H7xx_HAL_Driver/Inc -I../../Drivers/STM32H7xx_HAL_Driver/Inc/Legacy -I../../Drivers/CMSIS/Device/ST/STM32H7xx/Include -I../../Drivers/CMSIS/Include -O0 -ffunction-sections -fdata-sections -Wall -fstack-usage -MMD -MP -MF"Drivers/STM32H7xx_HAL_Driver/stm32h7xx_hal_cortex.d" -MT"Drivers/STM32H7xx_HAL_Driver/stm32h7xx_hal_cortex.o" --specs=nano.specs -mfpu=fpv5-d16 -mfloat-abi=hard -mthumb -o "Drivers/STM32H7xx_HAL_Driver/stm32h7xx_hal_cortex.o"
arm-none-eabi-gcc "/Users/soft99/STM32H7samplecodes/Blinky/Drivers/STM32H7xx_HAL_Driver/Src/stm32h7xx_hal_dma.c" -mcpu=cortex-m7 -std=gnu11 -g3 -DDEBUG -DCORE_CM7 -DUSE_HAL_DRIVER -DSTM32H747xx -c -I../Core/Inc -I../../Drivers/STM32H7xx_HAL_Driver/Inc -I../../Drivers/STM32H7xx_HAL_Driver/Inc/Legacy -I../../Drivers/CMSIS/Device/ST/STM32H7xx/Include -I../../Drivers/CMSIS/Include -O0 -ffunction-sections -fdata-sections -Wall -fstack-usage -MMD -MP -MF"Drivers/STM32H7xx_HAL_Driver/stm32h7xx_hal_dma.d" -MT"Drivers/STM32H7xx_HAL_Driver/stm32h7xx_hal_dma.o" --specs=nano.specs -mfpu=fpv5-d16 -mfloat-abi=hard -mthumb -o "Drivers/STM32H7xx_HAL_Driver/stm32h7xx_hal_dma.o"
arm-none-eabi-gcc "/Users/soft99/STM32H7samplecodes/Blinky/Drivers/STM32H7xx_HAL_Driver/Src/stm32h7xx_hal_dma_ex.c" -mcpu=cortex-m7 -std=gnu11 -g3 -DDEBUG -DCORE_CM7 -DUSE_HAL_DRIVER -DSTM32H747xx -c -I../Core/Inc -I../../Drivers/STM32H7xx_HAL_Driver/Inc -I../../Drivers/STM32H7xx_HAL_Driver/Inc/Legacy -I../../Drivers/CMSIS/Device/ST/STM32H7xx/Include -I../../Drivers/CMSIS/Include -O0 -ffunction-sections -fdata-sections -Wall -fstack-usage -MMD -MP -MF"Drivers/STM32H7xx_HAL_Driver/stm32h7xx_hal_dma_ex.d" -MT"Drivers/STM32H7xx_HAL_Driver/stm32h7xx_hal_dma_ex.o" --specs=nano.specs -mfpu=fpv5-d16 -mfloat-abi=hard -mthumb -o "Drivers/STM32H7xx_HAL_Driver/stm32h7xx_hal_dma_ex.o"
arm-none-eabi-gcc "/Users/soft99/STM32H7samplecodes/Blinky/Drivers/STM32H7xx_HAL_Driver/Src/stm32h7xx_hal_exti.c" -mcpu=cortex-m7 -std=gnu11 -g3 -DDEBUG -DCORE_CM7 -DUSE_HAL_DRIVER -DSTM32H747xx -c -I../Core/Inc -I../../Drivers/STM32H7xx_HAL_Driver/Inc -I../../Drivers/STM32H7xx_HAL_Driver/Inc/Legacy -I../../Drivers/CMSIS/Device/ST/STM32H7xx/Include -I../../Drivers/CMSIS/Include -O0 -ffunction-sections -fdata-sections -Wall -fstack-usage -MMD -MP -MF"Drivers/STM32H7xx_HAL_Driver/stm32h7xx_hal_exti.d" -MT"Drivers/STM32H7xx_HAL_Driver/stm32h7xx_hal_exti.o" --specs=nano.specs -mfpu=fpv5-d16 -mfloat-abi=hard -mthumb -o "Drivers/STM32H7xx_HAL_Driver/stm32h7xx_hal_exti.o"
arm-none-eabi-gcc "/Users/soft99/STM32H7samplecodes/Blinky/Drivers/STM32H7xx_HAL_Driver/Src/stm32h7xx_hal_flash.c" -mcpu=cortex-m7 -std=gnu11 -g3 -DDEBUG -DCORE_CM7 -DUSE_HAL_DRIVER -DSTM32H747xx -c -I../Core/Inc -I../../Drivers/STM32H7xx_HAL_Driver/Inc -I../../Drivers/STM32H7xx_HAL_Driver/Inc/Legacy -I../../Drivers/CMSIS/Device/ST/STM32H7xx/Include -I../../Drivers/CMSIS/Include -O0 -ffunction-sections -fdata-sections -Wall -fstack-usage -MMD -MP -MF"Drivers/STM32H7xx_HAL_Driver/stm32h7xx_hal_flash.d" -MT"Drivers/STM32H7xx_HAL_Driver/stm32h7xx_hal_flash.o" --specs=nano.specs -mfpu=fpv5-d16 -mfloat-abi=hard -mthumb -o "Drivers/STM32H7xx_HAL_Driver/stm32h7xx_hal_flash.o"
arm-none-eabi-gcc "/Users/soft99/STM32H7samplecodes/Blinky/Drivers/STM32H7xx_HAL_Driver/Src/stm32h7xx_hal_flash_ex.c" -mcpu=cortex-m7 -std=gnu11 -g3 -DDEBUG -DCORE_CM7 -DUSE_HAL_DRIVER -DSTM32H747xx -c -I../Core/Inc -I../../Drivers/STM32H7xx_HAL_Driver/Inc -I../../Drivers/STM32H7xx_HAL_Driver/Inc/Legacy -I../../Drivers/CMSIS/Device/ST/STM32H7xx/Include -I../../Drivers/CMSIS/Include -O0 -ffunction-sections -fdata-sections -Wall -fstack-usage -MMD -MP -MF"Drivers/STM32H7xx_HAL_Driver/stm32h7xx_hal_flash_ex.d" -MT"Drivers/STM32H7xx_HAL_Driver/stm32h7xx_hal_flash_ex.o" --specs=nano.specs -mfpu=fpv5-d16 -mfloat-abi=hard -mthumb -o "Drivers/STM32H7xx_HAL_Driver/stm32h7xx_hal_flash_ex.o"
arm-none-eabi-gcc "/Users/soft99/STM32H7samplecodes/Blinky/Drivers/STM32H7xx_HAL_Driver/Src/stm32h7xx_hal_gpio.c" -mcpu=cortex-m7 -std=gnu11 -g3 -DDEBUG -DCORE_CM7 -DUSE_HAL_DRIVER -DSTM32H747xx -c -I../Core/Inc -I../../Drivers/STM32H7xx_HAL_Driver/Inc -I../../Drivers/STM32H7xx_HAL_Driver/Inc/Legacy -I../../Drivers/CMSIS/Device/ST/STM32H7xx/Include -I../../Drivers/CMSIS/Include -O0 -ffunction-sections -fdata-sections -Wall -fstack-usage -MMD -MP -MF"Drivers/STM32H7xx_HAL_Driver/stm32h7xx_hal_gpio.d" -MT"Drivers/STM32H7xx_HAL_Driver/stm32h7xx_hal_gpio.o" --specs=nano.specs -mfpu=fpv5-d16 -mfloat-abi=hard -mthumb -o "Drivers/STM32H7xx_HAL_Driver/stm32h7xx_hal_gpio.o"
arm-none-eabi-gcc "/Users/soft99/STM32H7samplecodes/Blinky/Drivers/STM32H7xx_HAL_Driver/Src/stm32h7xx_hal_hsem.c" -mcpu=cortex-m7 -std=gnu11 -g3 -DDEBUG -DCORE_CM7 -DUSE_HAL_DRIVER -DSTM32H747xx -c -I../Core/Inc -I../../Drivers/STM32H7xx_HAL_Driver/Inc -I../../Drivers/STM32H7xx_HAL_Driver/Inc/Legacy -I../../Drivers/CMSIS/Device/ST/STM32H7xx/Include -I../../Drivers/CMSIS/Include -O0 -ffunction-sections -fdata-sections -Wall -fstack-usage -MMD -MP -MF"Drivers/STM32H7xx_HAL_Driver/stm32h7xx_hal_hsem.d" -MT"Drivers/STM32H7xx_HAL_Driver/stm32h7xx_hal_hsem.o" --specs=nano.specs -mfpu=fpv5-d16 -mfloat-abi=hard -mthumb -o "Drivers/STM32H7xx_HAL_Driver/stm32h7xx_hal_hsem.o"
arm-none-eabi-gcc "/Users/soft99/STM32H7samplecodes/Blinky/Drivers/STM32H7xx_HAL_Driver/Src/stm32h7xx_hal_i2c.c" -mcpu=cortex-m7 -std=gnu11 -g3 -DDEBUG -DCORE_CM7 -DUSE_HAL_DRIVER -DSTM32H747xx -c -I../Core/Inc -I../../Drivers/STM32H7xx_HAL_Driver/Inc -I../../Drivers/STM32H7xx_HAL_Driver/Inc/Legacy -I../../Drivers/CMSIS/Device/ST/STM32H7xx/Include -I../../Drivers/CMSIS/Include -O0 -ffunction-sections -fdata-sections -Wall -fstack-usage -MMD -MP -MF"Drivers/STM32H7xx_HAL_Driver/stm32h7xx_hal_i2c.d" -MT"Drivers/STM32H7xx_HAL_Driver/stm32h7xx_hal_i2c.o" --specs=nano.specs -mfpu=fpv5-d16 -mfloat-abi=hard -mthumb -o "Drivers/STM32H7xx_HAL_Driver/stm32h7xx_hal_i2c.o"
arm-none-eabi-gcc "/Users/soft99/STM32H7samplecodes/Blinky/Drivers/STM32H7xx_HAL_Driver/Src/stm32h7xx_hal_i2c_ex.c" -mcpu=cortex-m7 -std=gnu11 -g3 -DDEBUG -DCORE_CM7 -DUSE_HAL_DRIVER -DSTM32H747xx -c -I../Core/Inc -I../../Drivers/STM32H7xx_HAL_Driver/Inc -I../../Drivers/STM32H7xx_HAL_Driver/Inc/Legacy -I../../Drivers/CMSIS/Device/ST/STM32H7xx/Include -I../../Drivers/CMSIS/Include -O0 -ffunction-sections -fdata-sections -Wall -fstack-usage -MMD -MP -MF"Drivers/STM32H7xx_HAL_Driver/stm32h7xx_hal_i2c_ex.d" -MT"Drivers/STM32H7xx_HAL_Driver/stm32h7xx_hal_i2c_ex.o" --specs=nano.specs -mfpu=fpv5-d16 -mfloat-abi=hard -mthumb -o "Drivers/STM32H7xx_HAL_Driver/stm32h7xx_hal_i2c_ex.o"
arm-none-eabi-gcc "/Users/soft99/STM32H7samplecodes/Blinky/Drivers/STM32H7xx_HAL_Driver/Src/stm32h7xx_hal_mdma.c" -mcpu=cortex-m7 -std=gnu11 -g3 -DDEBUG -DCORE_CM7 -DUSE_HAL_DRIVER -DSTM32H747xx -c -I../Core/Inc -I../../Drivers/STM32H7xx_HAL_Driver/Inc -I../../Drivers/STM32H7xx_HAL_Driver/Inc/Legacy -I../../Drivers/CMSIS/Device/ST/STM32H7xx/Include -I../../Drivers/CMSIS/Include -O0 -ffunction-sections -fdata-sections -Wall -fstack-usage -MMD -MP -MF"Drivers/STM32H7xx_HAL_Driver/stm32h7xx_hal_mdma.d" -MT"Drivers/STM32H7xx_HAL_Driver/stm32h7xx_hal_mdma.o" --specs=nano.specs -mfpu=fpv5-d16 -mfloat-abi=hard -mthumb -o "Drivers/STM32H7xx_HAL_Driver/stm32h7xx_hal_mdma.o"
arm-none-eabi-gcc "/Users/soft99/STM32H7samplecodes/Blinky/Drivers/STM32H7xx_HAL_Driver/Src/stm32h7xx_hal_pwr.c" -mcpu=cortex-m7 -std=gnu11 -g3 -DDEBUG -DCORE_CM7 -DUSE_HAL_DRIVER -DSTM32H747xx -c -I../Core/Inc -I../../Drivers/STM32H7xx_HAL_Driver/Inc -I../../Drivers/STM32H7xx_HAL_Driver/Inc/Legacy -I../../Drivers/CMSIS/Device/ST/STM32H7xx/Include -I../../Drivers/CMSIS/Include -O0 -ffunction-sections -fdata-sections -Wall -fstack-usage -MMD -MP -MF"Drivers/STM32H7xx_HAL_Driver/stm32h7xx_hal_pwr.d" -MT"Drivers/STM32H7xx_HAL_Driver/stm32h7xx_hal_pwr.o" --specs=nano.specs -mfpu=fpv5-d16 -mfloat-abi=hard -mthumb -o "Drivers/STM32H7xx_HAL_Driver/stm32h7xx_hal_pwr.o"
arm-none-eabi-gcc "/Users/soft99/STM32H7samplecodes/Blinky/Drivers/STM32H7xx_HAL_Driver/Src/stm32h7xx_hal_pwr_ex.c" -mcpu=cortex-m7 -std=gnu11 -g3 -DDEBUG -DCORE_CM7 -DUSE_HAL_DRIVER -DSTM32H747xx -c -I../Core/Inc -I../../Drivers/STM32H7xx_HAL_Driver/Inc -I../../Drivers/STM32H7xx_HAL_Driver/Inc/Legacy -I../../Drivers/CMSIS/Device/ST/STM32H7xx/Include -I../../Drivers/CMSIS/Include -O0 -ffunction-sections -fdata-sections -Wall -fstack-usage -MMD -MP -MF"Drivers/STM32H7xx_HAL_Driver/stm32h7xx_hal_pwr_ex.d" -MT"Drivers/STM32H7xx_HAL_Driver/stm32h7xx_hal_pwr_ex.o" --specs=nano.specs -mfpu=fpv5-d16 -mfloat-abi=hard -mthumb -o "Drivers/STM32H7xx_HAL_Driver/stm32h7xx_hal_pwr_ex.o"
arm-none-eabi-gcc "/Users/soft99/STM32H7samplecodes/Blinky/Drivers/STM32H7xx_HAL_Driver/Src/stm32h7xx_hal_rcc.c" -mcpu=cortex-m7 -std=gnu11 -g3 -DDEBUG -DCORE_CM7 -DUSE_HAL_DRIVER -DSTM32H747xx -c -I../Core/Inc -I../../Drivers/STM32H7xx_HAL_Driver/Inc -I../../Drivers/STM32H7xx_HAL_Driver/Inc/Legacy -I../../Drivers/CMSIS/Device/ST/STM32H7xx/Include -I../../Drivers/CMSIS/Include -O0 -ffunction-sections -fdata-sections -Wall -fstack-usage -MMD -MP -MF"Drivers/STM32H7xx_HAL_Driver/stm32h7xx_hal_rcc.d" -MT"Drivers/STM32H7xx_HAL_Driver/stm32h7xx_hal_rcc.o" --specs=nano.specs -mfpu=fpv5-d16 -mfloat-abi=hard -mthumb -o "Drivers/STM32H7xx_HAL_Driver/stm32h7xx_hal_rcc.o"
arm-none-eabi-gcc "/Users/soft99/STM32H7samplecodes/Blinky/Drivers/STM32H7xx_HAL_Driver/Src/stm32h7xx_hal_rcc_ex.c" -mcpu=cortex-m7 -std=gnu11 -g3 -DDEBUG -DCORE_CM7 -DUSE_HAL_DRIVER -DSTM32H747xx -c -I../Core/Inc -I../../Drivers/STM32H7xx_HAL_Driver/Inc -I../../Drivers/STM32H7xx_HAL_Driver/Inc/Legacy -I../../Drivers/CMSIS/Device/ST/STM32H7xx/Include -I../../Drivers/CMSIS/Include -O0 -ffunction-sections -fdata-sections -Wall -fstack-usage -MMD -MP -MF"Drivers/STM32H7xx_HAL_Driver/stm32h7xx_hal_rcc_ex.d" -MT"Drivers/STM32H7xx_HAL_Driver/stm32h7xx_hal_rcc_ex.o" --specs=nano.specs -mfpu=fpv5-d16 -mfloat-abi=hard -mthumb -o "Drivers/STM32H7xx_HAL_Driver/stm32h7xx_hal_rcc_ex.o"
arm-none-eabi-gcc "/Users/soft99/STM32H7samplecodes/Blinky/Drivers/STM32H7xx_HAL_Driver/Src/stm32h7xx_hal_tim.c" -mcpu=cortex-m7 -std=gnu11 -g3 -DDEBUG -DCORE_CM7 -DUSE_HAL_DRIVER -DSTM32H747xx -c -I../Core/Inc -I../../Drivers/STM32H7xx_HAL_Driver/Inc -I../../Drivers/STM32H7xx_HAL_Driver/Inc/Legacy -I../../Drivers/CMSIS/Device/ST/STM32H7xx/Include -I../../Drivers/CMSIS/Include -O0 -ffunction-sections -fdata-sections -Wall -fstack-usage -MMD -MP -MF"Drivers/STM32H7xx_HAL_Driver/stm32h7xx_hal_tim.d" -MT"Drivers/STM32H7xx_HAL_Driver/stm32h7xx_hal_tim.o" --specs=nano.specs -mfpu=fpv5-d16 -mfloat-abi=hard -mthumb -o "Drivers/STM32H7xx_HAL_Driver/stm32h7xx_hal_tim.o"
arm-none-eabi-gcc "/Users/soft99/STM32H7samplecodes/Blinky/Drivers/STM32H7xx_HAL_Driver/Src/stm32h7xx_hal_tim_ex.c" -mcpu=cortex-m7 -std=gnu11 -g3 -DDEBUG -DCORE_CM7 -DUSE_HAL_DRIVER -DSTM32H747xx -c -I../Core/Inc -I../../Drivers/STM32H7xx_HAL_Driver/Inc -I../../Drivers/STM32H7xx_HAL_Driver/Inc/Legacy -I../../Drivers/CMSIS/Device/ST/STM32H7xx/Include -I../../Drivers/CMSIS/Include -O0 -ffunction-sections -fdata-sections -Wall -fstack-usage -MMD -MP -MF"Drivers/STM32H7xx_HAL_Driver/stm32h7xx_hal_tim_ex.d" -MT"Drivers/STM32H7xx_HAL_Driver/stm32h7xx_hal_tim_ex.o" --specs=nano.specs -mfpu=fpv5-d16 -mfloat-abi=hard -mthumb -o "Drivers/STM32H7xx_HAL_Driver/stm32h7xx_hal_tim_ex.o"
arm-none-eabi-gcc "../Core/Src/main.c" -mcpu=cortex-m7 -std=gnu11 -g3 -DDEBUG -DCORE_CM7 -DUSE_HAL_DRIVER -DSTM32H747xx -c -I../Core/Inc -I../../Drivers/STM32H7xx_HAL_Driver/Inc -I../../Drivers/STM32H7xx_HAL_Driver/Inc/Legacy -I../../Drivers/CMSIS/Device/ST/STM32H7xx/Include -I../../Drivers/CMSIS/Include -O0 -ffunction-sections -fdata-sections -Wall -fstack-usage -MMD -MP -MF"Core/Src/main.d" -MT"Core/Src/main.o" --specs=nano.specs -mfpu=fpv5-d16 -mfloat-abi=hard -mthumb -o "Core/Src/main.o"
arm-none-eabi-gcc "../Core/Src/stm32h7xx_hal_msp.c" -mcpu=cortex-m7 -std=gnu11 -g3 -DDEBUG -DCORE_CM7 -DUSE_HAL_DRIVER -DSTM32H747xx -c -I../Core/Inc -I../../Drivers/STM32H7xx_HAL_Driver/Inc -I../../Drivers/STM32H7xx_HAL_Driver/Inc/Legacy -I../../Drivers/CMSIS/Device/ST/STM32H7xx/Include -I../../Drivers/CMSIS/Include -O0 -ffunction-sections -fdata-sections -Wall -fstack-usage -MMD -MP -MF"Core/Src/stm32h7xx_hal_msp.d" -MT"Core/Src/stm32h7xx_hal_msp.o" --specs=nano.specs -mfpu=fpv5-d16 -mfloat-abi=hard -mthumb -o "Core/Src/stm32h7xx_hal_msp.o"
arm-none-eabi-gcc "../Core/Src/stm32h7xx_it.c" -mcpu=cortex-m7 -std=gnu11 -g3 -DDEBUG -DCORE_CM7 -DUSE_HAL_DRIVER -DSTM32H747xx -c -I../Core/Inc -I../../Drivers/STM32H7xx_HAL_Driver/Inc -I../../Drivers/STM32H7xx_HAL_Driver/Inc/Legacy -I../../Drivers/CMSIS/Device/ST/STM32H7xx/Include -I../../Drivers/CMSIS/Include -O0 -ffunction-sections -fdata-sections -Wall -fstack-usage -MMD -MP -MF"Core/Src/stm32h7xx_it.d" -MT"Core/Src/stm32h7xx_it.o" --specs=nano.specs -mfpu=fpv5-d16 -mfloat-abi=hard -mthumb -o "Core/Src/stm32h7xx_it.o"
arm-none-eabi-gcc "/Users/soft99/STM32H7samplecodes/Blinky/Common/Src/system_stm32h7xx_dualcore_boot_cm4_cm7.c" -mcpu=cortex-m7 -std=gnu11 -g3 -DDEBUG -DCORE_CM7 -DUSE_HAL_DRIVER -DSTM32H747xx -c -I../Core/Inc -I../../Drivers/STM32H7xx_HAL_Driver/Inc -I../../Drivers/STM32H7xx_HAL_Driver/Inc/Legacy -I../../Drivers/CMSIS/Device/ST/STM32H7xx/Include -I../../Drivers/CMSIS/Include -O0 -ffunction-sections -fdata-sections -Wall -fstack-usage -MMD -MP -MF"Common/Src/system_stm32h7xx_dualcore_boot_cm4_cm7.d" -MT"Common/Src/system_stm32h7xx_dualcore_boot_cm4_cm7.o" --specs=nano.specs -mfpu=fpv5-d16 -mfloat-abi=hard -mthumb -o "Common/Src/system_stm32h7xx_dualcore_boot_cm4_cm7.o"
arm-none-eabi-gcc -o "Blinky_CM7.elf" @"objects.list"   -mcpu=cortex-m7 -T"/Users/soft99/STM32H7samplecodes/Blinky/CM7/STM32H747XIHX_FLASH.ld" --specs=nosys.specs -Wl,-Map="Blinky_CM7.map" -Wl,--gc-sections -static --specs=nano.specs -mfpu=fpv5-d16 -mfloat-abi=hard -mthumb -Wl,--start-group -lc -lm -Wl,--end-group
Finished building target: Blinky_CM7.elf
 
arm-none-eabi-size   Blinky_CM7.elf 
arm-none-eabi-objdump -h -S  Blinky_CM7.elf  > "Blinky_CM7.list"
   text	   data	    bss	    dec	    hex	filename
   7760	     24	   1568	   9352	   2488	Blinky_CM7.elf
Finished building: default.size.stdout
 
Finished building: Blinky_CM7.list
 
16:21:20 **** Incremental Build of configuration Debug for project Blinky_CM4 ****
make -j9 all 
arm-none-eabi-size   Blinky_CM4.elf 
   text	   data	    bss	    dec	    hex	filename
   3244	     24	   1568	   4836	   12e4	Blinky_CM4.elf
Finished building: default.size.stdout
 
16:21:43 **** Incremental Build of configuration Debug for project Blinky_CM7 ****
make -j9 all 
arm-none-eabi-size   Blinky_CM7.elf 
   text	   data	    bss	    dec	    hex	filename
   7760	     24	   1568	   9352	   2488	Blinky_CM7.elf
Finished building: default.size.stdout
 
16:23:02 **** Incremental Build of configuration Debug for project Blinky_CM7 ****
make -j9 all 
arm-none-eabi-size   Blinky_CM7.elf 
   text	   data	    bss	    dec	    hex	filename
   7760	     24	   1568	   9352	   2488	Blinky_CM7.elf
Finished building: default.size.stdout
 
16:24:44 **** Incremental Build of configuration Debug for project Blinky_CM4 ****
make -j9 all 
arm-none-eabi-gcc "../Core/Src/main.c" -mcpu=cortex-m4 -std=gnu11 -g3 -DDEBUG -DCORE_CM4 -DUSE_HAL_DRIVER -DSTM32H747xx -c -I../Core/Inc -I../../Drivers/STM32H7xx_HAL_Driver/Inc -I../../Drivers/STM32H7xx_HAL_Driver/Inc/Legacy -I../../Drivers/CMSIS/Device/ST/STM32H7xx/Include -I../../Drivers/CMSIS/Include -O0 -ffunction-sections -fdata-sections -Wall -fstack-usage -MMD -MP -MF"Core/Src/main.d" -MT"Core/Src/main.o" --specs=nano.specs -mfpu=fpv4-sp-d16 -mfloat-abi=hard -mthumb -o "Core/Src/main.o"
arm-none-eabi-gcc -o "Blinky_CM4.elf" @"objects.list"   -mcpu=cortex-m4 -T"/Users/soft99/STM32H7samplecodes/Blinky/CM4/STM32H747XIHX_FLASH.ld" --specs=nosys.specs -Wl,-Map="Blinky_CM4.map" -Wl,--gc-sections -static --specs=nano.specs -mfpu=fpv4-sp-d16 -mfloat-abi=hard -mthumb -Wl,--start-group -lc -lm -Wl,--end-group
Finished building target: Blinky_CM4.elf
 
arm-none-eabi-size   Blinky_CM4.elf 
arm-none-eabi-objdump -h -S  Blinky_CM4.elf  > "Blinky_CM4.list"
   text	   data	    bss	    dec	    hex	filename
   3412	     24	   1568	   5004	   138c	Blinky_CM4.elf
Finished building: default.size.stdout
 
Finished building: Blinky_CM4.list
 
16:24:45 **** Incremental Build of configuration Debug for project Blinky_CM7 ****
make -j9 all 
arm-none-eabi-size   Blinky_CM7.elf 
   text	   data	    bss	    dec	    hex	filename
   7760	     24	   1568	   9352	   2488	Blinky_CM7.elf
Finished building: default.size.stdout
 
16:24:52 **** Incremental Build of configuration Debug for project Blinky_CM4 ****
make -j9 all 
arm-none-eabi-size   Blinky_CM4.elf 
   text	   data	    bss	    dec	    hex	filename
   3412	     24	   1568	   5004	   138c	Blinky_CM4.elf
Finished building: default.size.stdout
 
16:26:21 **** Incremental Build of configuration Debug for project Blinky_CM4 ****
make -j9 all 
arm-none-eabi-gcc "../Core/Src/main.c" -mcpu=cortex-m4 -std=gnu11 -g3 -DDEBUG -DCORE_CM4 -DUSE_HAL_DRIVER -DSTM32H747xx -c -I../Core/Inc -I../../Drivers/STM32H7xx_HAL_Driver/Inc -I../../Drivers/STM32H7xx_HAL_Driver/Inc/Legacy -I../../Drivers/CMSIS/Device/ST/STM32H7xx/Include -I../../Drivers/CMSIS/Include -O0 -ffunction-sections -fdata-sections -Wall -fstack-usage -MMD -MP -MF"Core/Src/main.d" -MT"Core/Src/main.o" --specs=nano.specs -mfpu=fpv4-sp-d16 -mfloat-abi=hard -mthumb -o "Core/Src/main.o"
arm-none-eabi-gcc "../Core/Src/stm32h7xx_it.c" -mcpu=cortex-m4 -std=gnu11 -g3 -DDEBUG -DCORE_CM4 -DUSE_HAL_DRIVER -DSTM32H747xx -c -I../Core/Inc -I../../Drivers/STM32H7xx_HAL_Driver/Inc -I../../Drivers/STM32H7xx_HAL_Driver/Inc/Legacy -I../../Drivers/CMSIS/Device/ST/STM32H7xx/Include -I../../Drivers/CMSIS/Include -O0 -ffunction-sections -fdata-sections -Wall -fstack-usage -MMD -MP -MF"Core/Src/stm32h7xx_it.d" -MT"Core/Src/stm32h7xx_it.o" --specs=nano.specs -mfpu=fpv4-sp-d16 -mfloat-abi=hard -mthumb -o "Core/Src/stm32h7xx_it.o"
arm-none-eabi-gcc -o "Blinky_CM4.elf" @"objects.list"   -mcpu=cortex-m4 -T"/Users/soft99/STM32H7samplecodes/Blinky/CM4/STM32H747XIHX_FLASH.ld" --specs=nosys.specs -Wl,-Map="Blinky_CM4.map" -Wl,--gc-sections -static --specs=nano.specs -mfpu=fpv4-sp-d16 -mfloat-abi=hard -mthumb -Wl,--start-group -lc -lm -Wl,--end-group
Finished building target: Blinky_CM4.elf
 
arm-none-eabi-size   Blinky_CM4.elf 
arm-none-eabi-objdump -h -S  Blinky_CM4.elf  > "Blinky_CM4.list"
   text	   data	    bss	    dec	    hex	filename
   3304	     24	   1568	   4896	   1320	Blinky_CM4.elf
Finished building: default.size.stdout
 
Finished building: Blinky_CM4.list
 
16:26:22 **** Incremental Build of configuration Debug for project Blinky_CM7 ****
make -j9 all 
arm-none-eabi-size   Blinky_CM7.elf 
   text	   data	    bss	    dec	    hex	filename
   7760	     24	   1568	   9352	   2488	Blinky_CM7.elf
Finished building: default.size.stdout
 
16:26:35 **** Incremental Build of configuration Debug for project Blinky_CM4 ****
make -j9 all 
arm-none-eabi-size   Blinky_CM4.elf 
   text	   data	    bss	    dec	    hex	filename
   3304	     24	   1568	   4896	   1320	Blinky_CM4.elf
Finished building: default.size.stdout
 
16:28:20 **** Incremental Build of configuration Debug for project Blinky_CM4 ****
make -j9 all 
arm-none-eabi-size   Blinky_CM4.elf 
   text	   data	    bss	    dec	    hex	filename
   3304	     24	   1568	   4896	   1320	Blinky_CM4.elf
Finished building: default.size.stdout
 
16:28:21 **** Incremental Build of configuration Debug for project Blinky_CM7 ****
make -j9 all 
arm-none-eabi-gcc "../Core/Src/main.c" -mcpu=cortex-m7 -std=gnu11 -g3 -DDEBUG -DCORE_CM7 -DUSE_HAL_DRIVER -DSTM32H747xx -c -I../Core/Inc -I../../Drivers/STM32H7xx_HAL_Driver/Inc -I../../Drivers/STM32H7xx_HAL_Driver/Inc/Legacy -I../../Drivers/CMSIS/Device/ST/STM32H7xx/Include -I../../Drivers/CMSIS/Include -O0 -ffunction-sections -fdata-sections -Wall -fstack-usage -MMD -MP -MF"Core/Src/main.d" -MT"Core/Src/main.o" --specs=nano.specs -mfpu=fpv5-d16 -mfloat-abi=hard -mthumb -o "Core/Src/main.o"
arm-none-eabi-gcc -o "Blinky_CM7.elf" @"objects.list"   -mcpu=cortex-m7 -T"/Users/soft99/STM32H7samplecodes/Blinky/CM7/STM32H747XIHX_FLASH.ld" --specs=nosys.specs -Wl,-Map="Blinky_CM7.map" -Wl,--gc-sections -static --specs=nano.specs -mfpu=fpv5-d16 -mfloat-abi=hard -mthumb -Wl,--start-group -lc -lm -Wl,--end-group
Finished building target: Blinky_CM7.elf
 
arm-none-eabi-size   Blinky_CM7.elf 
arm-none-eabi-objdump -h -S  Blinky_CM7.elf  > "Blinky_CM7.list"
   text	   data	    bss	    dec	    hex	filename
   7776	     24	   1568	   9368	   2498	Blinky_CM7.elf
Finished building: default.size.stdout
 
Finished building: Blinky_CM7.list
 
16:28:29 **** Incremental Build of configuration Debug for project Blinky_CM7 ****
make -j9 all 
arm-none-eabi-size   Blinky_CM7.elf 
   text	   data	    bss	    dec	    hex	filename
   7776	     24	   1568	   9368	   2498	Blinky_CM7.elf
Finished building: default.size.stdout
 
16:28:58 **** Incremental Build of configuration Debug for project Blinky_CM4 ****
make -j9 all 
arm-none-eabi-size   Blinky_CM4.elf 
   text	   data	    bss	    dec	    hex	filename
   3304	     24	   1568	   4896	   1320	Blinky_CM4.elf
Finished building: default.size.stdout
 
16:28:58 **** Incremental Build of configuration Debug for project Blinky_CM7 ****
make -j9 all 
arm-none-eabi-gcc "../Core/Src/main.c" -mcpu=cortex-m7 -std=gnu11 -g3 -DDEBUG -DCORE_CM7 -DUSE_HAL_DRIVER -DSTM32H747xx -c -I../Core/Inc -I../../Drivers/STM32H7xx_HAL_Driver/Inc -I../../Drivers/STM32H7xx_HAL_Driver/Inc/Legacy -I../../Drivers/CMSIS/Device/ST/STM32H7xx/Include -I../../Drivers/CMSIS/Include -O0 -ffunction-sections -fdata-sections -Wall -fstack-usage -MMD -MP -MF"Core/Src/main.d" -MT"Core/Src/main.o" --specs=nano.specs -mfpu=fpv5-d16 -mfloat-abi=hard -mthumb -o "Core/Src/main.o"
arm-none-eabi-gcc -o "Blinky_CM7.elf" @"objects.list"   -mcpu=cortex-m7 -T"/Users/soft99/STM32H7samplecodes/Blinky/CM7/STM32H747XIHX_FLASH.ld" --specs=nosys.specs -Wl,-Map="Blinky_CM7.map" -Wl,--gc-sections -static --specs=nano.specs -mfpu=fpv5-d16 -mfloat-abi=hard -mthumb -Wl,--start-group -lc -lm -Wl,--end-group
Finished building target: Blinky_CM7.elf
 
arm-none-eabi-size   Blinky_CM7.elf 
arm-none-eabi-objdump -h -S  Blinky_CM7.elf  > "Blinky_CM7.list"
   text	   data	    bss	    dec	    hex	filename
   7780	     24	   1568	   9372	   249c	Blinky_CM7.elf
Finished building: default.size.stdout
 
Finished building: Blinky_CM7.list
 
16:29:10 **** Incremental Build of configuration Debug for project Blinky_CM7 ****
make -j9 all 
arm-none-eabi-size   Blinky_CM7.elf 
   text	   data	    bss	    dec	    hex	filename
   7780	     24	   1568	   9372	   249c	Blinky_CM7.elf
Finished building: default.size.stdout
 
16:30:22 **** Incremental Build of configuration Debug for project Blinky_CM4 ****
make -j9 all 
arm-none-eabi-size   Blinky_CM4.elf 
   text	   data	    bss	    dec	    hex	filename
   3304	     24	   1568	   4896	   1320	Blinky_CM4.elf
Finished building: default.size.stdout
 
16:32:25 **** Incremental Build of configuration Debug for project Blinky_CM4 ****
make -j9 all 
arm-none-eabi-size   Blinky_CM4.elf 
   text	   data	    bss	    dec	    hex	filename
   3304	     24	   1568	   4896	   1320	Blinky_CM4.elf
Finished building: default.size.stdout
 
16:32:26 **** Incremental Build of configuration Debug for project Blinky_CM7 ****
make -j9 all 
arm-none-eabi-size   Blinky_CM7.elf 
   text	   data	    bss	    dec	    hex	filename
   7780	     24	   1568	   9372	   249c	Blinky_CM7.elf
Finished building: default.size.stdout
 
16:32:33 **** Incremental Build of configuration Debug for project Blinky_CM4 ****
make -j9 all 
arm-none-eabi-size   Blinky_CM4.elf 
   text	   data	    bss	    dec	    hex	filename
   3304	     24	   1568	   4896	   1320	Blinky_CM4.elf
Finished building: default.size.stdout
 
16:35:09 **** Incremental Build of configuration Debug for project Blinky_CM4 ****
make -j9 all 
arm-none-eabi-gcc "../Core/Src/main.c" -mcpu=cortex-m4 -std=gnu11 -g3 -DDEBUG -DCORE_CM4 -DUSE_HAL_DRIVER -DSTM32H747xx -c -I../Core/Inc -I../../Drivers/STM32H7xx_HAL_Driver/Inc -I../../Drivers/STM32H7xx_HAL_Driver/Inc/Legacy -I../../Drivers/CMSIS/Device/ST/STM32H7xx/Include -I../../Drivers/CMSIS/Include -O0 -ffunction-sections -fdata-sections -Wall -fstack-usage -MMD -MP -MF"Core/Src/main.d" -MT"Core/Src/main.o" --specs=nano.specs -mfpu=fpv4-sp-d16 -mfloat-abi=hard -mthumb -o "Core/Src/main.o"
arm-none-eabi-gcc "../Core/Src/stm32h7xx_it.c" -mcpu=cortex-m4 -std=gnu11 -g3 -DDEBUG -DCORE_CM4 -DUSE_HAL_DRIVER -DSTM32H747xx -c -I../Core/Inc -I../../Drivers/STM32H7xx_HAL_Driver/Inc -I../../Drivers/STM32H7xx_HAL_Driver/Inc/Legacy -I../../Drivers/CMSIS/Device/ST/STM32H7xx/Include -I../../Drivers/CMSIS/Include -O0 -ffunction-sections -fdata-sections -Wall -fstack-usage -MMD -MP -MF"Core/Src/stm32h7xx_it.d" -MT"Core/Src/stm32h7xx_it.o" --specs=nano.specs -mfpu=fpv4-sp-d16 -mfloat-abi=hard -mthumb -o "Core/Src/stm32h7xx_it.o"
arm-none-eabi-gcc -o "Blinky_CM4.elf" @"objects.list"   -mcpu=cortex-m4 -T"/Users/soft99/STM32H7samplecodes/Blinky/CM4/STM32H747XIHX_FLASH.ld" --specs=nosys.specs -Wl,-Map="Blinky_CM4.map" -Wl,--gc-sections -static --specs=nano.specs -mfpu=fpv4-sp-d16 -mfloat-abi=hard -mthumb -Wl,--start-group -lc -lm -Wl,--end-group
Finished building target: Blinky_CM4.elf
 
arm-none-eabi-size   Blinky_CM4.elf 
arm-none-eabi-objdump -h -S  Blinky_CM4.elf  > "Blinky_CM4.list"
   text	   data	    bss	    dec	    hex	filename
   3420	     24	   1568	   5012	   1394	Blinky_CM4.elf
Finished building: default.size.stdout
 
Finished building: Blinky_CM4.list
 
16:35:10 **** Incremental Build of configuration Debug for project Blinky_CM7 ****
make -j9 all 
arm-none-eabi-gcc "../Core/Src/main.c" -mcpu=cortex-m7 -std=gnu11 -g3 -DDEBUG -DCORE_CM7 -DUSE_HAL_DRIVER -DSTM32H747xx -c -I../Core/Inc -I../../Drivers/STM32H7xx_HAL_Driver/Inc -I../../Drivers/STM32H7xx_HAL_Driver/Inc/Legacy -I../../Drivers/CMSIS/Device/ST/STM32H7xx/Include -I../../Drivers/CMSIS/Include -O0 -ffunction-sections -fdata-sections -Wall -fstack-usage -MMD -MP -MF"Core/Src/main.d" -MT"Core/Src/main.o" --specs=nano.specs -mfpu=fpv5-d16 -mfloat-abi=hard -mthumb -o "Core/Src/main.o"
arm-none-eabi-gcc -o "Blinky_CM7.elf" @"objects.list"   -mcpu=cortex-m7 -T"/Users/soft99/STM32H7samplecodes/Blinky/CM7/STM32H747XIHX_FLASH.ld" --specs=nosys.specs -Wl,-Map="Blinky_CM7.map" -Wl,--gc-sections -static --specs=nano.specs -mfpu=fpv5-d16 -mfloat-abi=hard -mthumb -Wl,--start-group -lc -lm -Wl,--end-group
Finished building target: Blinky_CM7.elf
 
arm-none-eabi-size   Blinky_CM7.elf 
arm-none-eabi-objdump -h -S  Blinky_CM7.elf  > "Blinky_CM7.list"
   text	   data	    bss	    dec	    hex	filename
   7796	     24	   1568	   9388	   24ac	Blinky_CM7.elf
Finished building: default.size.stdout
 
Finished building: Blinky_CM7.list
 
16:35:19 **** Incremental Build of configuration Debug for project Blinky_CM4 ****
make -j9 all 
arm-none-eabi-size   Blinky_CM4.elf 
   text	   data	    bss	    dec	    hex	filename
   3420	     24	   1568	   5012	   1394	Blinky_CM4.elf
Finished building: default.size.stdout
 
16:36:44 **** Incremental Build of configuration Debug for project Blinky_CM7 ****
make -j9 all 
arm-none-eabi-size   Blinky_CM7.elf 
   text	   data	    bss	    dec	    hex	filename
   7796	     24	   1568	   9388	   24ac	Blinky_CM7.elf
Finished building: default.size.stdout
 
16:37:19 **** Incremental Build of configuration Debug for project Blinky_CM4 ****
make -j9 all 
arm-none-eabi-size   Blinky_CM4.elf 
   text	   data	    bss	    dec	    hex	filename
   3420	     24	   1568	   5012	   1394	Blinky_CM4.elf
Finished building: default.size.stdout
 
16:37:43 **** Incremental Build of configuration Debug for project Blinky_CM4 ****
make -j9 all 
arm-none-eabi-size   Blinky_CM4.elf 
   text	   data	    bss	    dec	    hex	filename
   3420	     24	   1568	   5012	   1394	Blinky_CM4.elf
Finished building: default.size.stdout
 
16:39:52 **** Incremental Build of configuration Debug for project Blinky_CM4 ****
make -j9 all 
arm-none-eabi-size   Blinky_CM4.elf 
   text	   data	    bss	    dec	    hex	filename
   3420	     24	   1568	   5012	   1394	Blinky_CM4.elf
Finished building: default.size.stdout
 
16:39:53 **** Incremental Build of configuration Debug for project Blinky_CM7 ****
make -j9 all 
arm-none-eabi-gcc "../Core/Src/main.c" -mcpu=cortex-m7 -std=gnu11 -g3 -DDEBUG -DCORE_CM7 -DUSE_HAL_DRIVER -DSTM32H747xx -c -I../Core/Inc -I../../Drivers/STM32H7xx_HAL_Driver/Inc -I../../Drivers/STM32H7xx_HAL_Driver/Inc/Legacy -I../../Drivers/CMSIS/Device/ST/STM32H7xx/Include -I../../Drivers/CMSIS/Include -O0 -ffunction-sections -fdata-sections -Wall -fstack-usage -MMD -MP -MF"Core/Src/main.d" -MT"Core/Src/main.o" --specs=nano.specs -mfpu=fpv5-d16 -mfloat-abi=hard -mthumb -o "Core/Src/main.o"
arm-none-eabi-gcc -o "Blinky_CM7.elf" @"objects.list"   -mcpu=cortex-m7 -T"/Users/soft99/STM32H7samplecodes/Blinky/CM7/STM32H747XIHX_FLASH.ld" --specs=nosys.specs -Wl,-Map="Blinky_CM7.map" -Wl,--gc-sections -static --specs=nano.specs -mfpu=fpv5-d16 -mfloat-abi=hard -mthumb -Wl,--start-group -lc -lm -Wl,--end-group
Finished building target: Blinky_CM7.elf
 
arm-none-eabi-size   Blinky_CM7.elf 
arm-none-eabi-objdump -h -S  Blinky_CM7.elf  > "Blinky_CM7.list"
   text	   data	    bss	    dec	    hex	filename
   7796	     24	   1568	   9388	   24ac	Blinky_CM7.elf
Finished building: default.size.stdout
 
Finished building: Blinky_CM7.list
 
16:40:00 **** Incremental Build of configuration Debug for project Blinky_CM7 ****
make -j9 all 
arm-none-eabi-size   Blinky_CM7.elf 
   text	   data	    bss	    dec	    hex	filename
   7796	     24	   1568	   9388	   24ac	Blinky_CM7.elf
Finished building: default.size.stdout
 
16:40:42 **** Incremental Build of configuration Debug for project Blinky_CM4 ****
make -j9 all 
arm-none-eabi-size   Blinky_CM4.elf 
   text	   data	    bss	    dec	    hex	filename
   3420	     24	   1568	   5012	   1394	Blinky_CM4.elf
Finished building: default.size.stdout
 
16:55:30 **** Incremental Build of configuration Debug for project Blinky_CM4 ****
make -j9 all 
arm-none-eabi-size   Blinky_CM4.elf 
   text	   data	    bss	    dec	    hex	filename
   3420	     24	   1568	   5012	   1394	Blinky_CM4.elf
Finished building: default.size.stdout
 
17:03:01 **** Incremental Build of configuration Debug for project Blinky_CM4 ****
make -j9 all 
arm-none-eabi-size   Blinky_CM4.elf 
   text	   data	    bss	    dec	    hex	filename
   3420	     24	   1568	   5012	   1394	Blinky_CM4.elf
Finished building: default.size.stdout
 
17:03:02 **** Incremental Build of configuration Debug for project Blinky_CM7 ****
make -j9 all 
arm-none-eabi-size   Blinky_CM7.elf 
   text	   data	    bss	    dec	    hex	filename
   7796	     24	   1568	   9388	   24ac	Blinky_CM7.elf
Finished building: default.size.stdout
 
17:03:51 **** Incremental Build of configuration Debug for project Blinky_CM4 ****
make -j9 all 
arm-none-eabi-size   Blinky_CM4.elf 
   text	   data	    bss	    dec	    hex	filename
   3420	     24	   1568	   5012	   1394	Blinky_CM4.elf
Finished building: default.size.stdout
 
17:03:51 **** Incremental Build of configuration Debug for project Blinky_CM7 ****
make -j9 all 
arm-none-eabi-size   Blinky_CM7.elf 
   text	   data	    bss	    dec	    hex	filename
   7796	     24	   1568	   9388	   24ac	Blinky_CM7.elf
Finished building: default.size.stdout
 
17:05:42 **** Incremental Build of configuration Debug for project Blinky_CM4 ****
make -j9 all 
arm-none-eabi-size   Blinky_CM4.elf 
   text	   data	    bss	    dec	    hex	filename
   3420	     24	   1568	   5012	   1394	Blinky_CM4.elf
Finished building: default.size.stdout
 
17:05:42 **** Incremental Build of configuration Debug for project Blinky_CM7 ****
make -j9 all 
arm-none-eabi-size   Blinky_CM7.elf 
   text	   data	    bss	    dec	    hex	filename
   7796	     24	   1568	   9388	   24ac	Blinky_CM7.elf
Finished building: default.size.stdout
 
17:10:50 **** Incremental Build of configuration Debug for project Blinky_CM4 ****
make -j9 all 
arm-none-eabi-size   Blinky_CM4.elf 
   text	   data	    bss	    dec	    hex	filename
   3420	     24	   1568	   5012	   1394	Blinky_CM4.elf
Finished building: default.size.stdout
 
17:10:51 **** Incremental Build of configuration Debug for project Blinky_CM7 ****
make -j9 all 
arm-none-eabi-gcc "../Core/Src/main.c" -mcpu=cortex-m7 -std=gnu11 -g3 -DDEBUG -DCORE_CM7 -DUSE_HAL_DRIVER -DSTM32H747xx -c -I../Core/Inc -I../../Drivers/STM32H7xx_HAL_Driver/Inc -I../../Drivers/STM32H7xx_HAL_Driver/Inc/Legacy -I../../Drivers/CMSIS/Device/ST/STM32H7xx/Include -I../../Drivers/CMSIS/Include -O0 -ffunction-sections -fdata-sections -Wall -fstack-usage -MMD -MP -MF"Core/Src/main.d" -MT"Core/Src/main.o" --specs=nano.specs -mfpu=fpv5-d16 -mfloat-abi=hard -mthumb -o "Core/Src/main.o"
arm-none-eabi-gcc -o "Blinky_CM7.elf" @"objects.list"   -mcpu=cortex-m7 -T"/Users/soft99/STM32H7samplecodes/Blinky/CM7/STM32H747XIHX_FLASH.ld" --specs=nosys.specs -Wl,-Map="Blinky_CM7.map" -Wl,--gc-sections -static --specs=nano.specs -mfpu=fpv5-d16 -mfloat-abi=hard -mthumb -Wl,--start-group -lc -lm -Wl,--end-group
Finished building target: Blinky_CM7.elf
 
arm-none-eabi-size   Blinky_CM7.elf 
arm-none-eabi-objdump -h -S  Blinky_CM7.elf  > "Blinky_CM7.list"
   text	   data	    bss	    dec	    hex	filename
   7756	     24	   1568	   9348	   2484	Blinky_CM7.elf
Finished building: default.size.stdout
 
Finished building: Blinky_CM7.list
 
17:10:57 **** Incremental Build of configuration Debug for project Blinky_CM4 ****
make -j9 all 
arm-none-eabi-size   Blinky_CM4.elf 
   text	   data	    bss	    dec	    hex	filename
   3420	     24	   1568	   5012	   1394	Blinky_CM4.elf
Finished building: default.size.stdout
 
17:10:58 **** Incremental Build of configuration Debug for project Blinky_CM7 ****
make -j9 all 
arm-none-eabi-size   Blinky_CM7.elf 
   text	   data	    bss	    dec	    hex	filename
   7756	     24	   1568	   9348	   2484	Blinky_CM7.elf
Finished building: default.size.stdout
 
17:12:08 **** Incremental Build of configuration Debug for project Blinky_CM4 ****
make -j9 all 
arm-none-eabi-size   Blinky_CM4.elf 
   text	   data	    bss	    dec	    hex	filename
   3420	     24	   1568	   5012	   1394	Blinky_CM4.elf
Finished building: default.size.stdout
 
17:12:36 **** Incremental Build of configuration Debug for project Blinky_CM4 ****
make -j9 all 
arm-none-eabi-size   Blinky_CM4.elf 
   text	   data	    bss	    dec	    hex	filename
   3420	     24	   1568	   5012	   1394	Blinky_CM4.elf
Finished building: default.size.stdout
 
17:13:00 **** Incremental Build of configuration Debug for project Blinky_CM4 ****
make -j9 all 
arm-none-eabi-size   Blinky_CM4.elf 
   text	   data	    bss	    dec	    hex	filename
   3420	     24	   1568	   5012	   1394	Blinky_CM4.elf
Finished building: default.size.stdout
 
17:13:01 **** Incremental Build of configuration Debug for project Blinky_CM7 ****
make -j9 all 
arm-none-eabi-size   Blinky_CM7.elf 
   text	   data	    bss	    dec	    hex	filename
   7756	     24	   1568	   9348	   2484	Blinky_CM7.elf
Finished building: default.size.stdout
 
17:14:21 **** Incremental Build of configuration Debug for project Blinky_CM4 ****
make -j9 all 
arm-none-eabi-size   Blinky_CM4.elf 
   text	   data	    bss	    dec	    hex	filename
   3420	     24	   1568	   5012	   1394	Blinky_CM4.elf
Finished building: default.size.stdout
 
17:14:22 **** Incremental Build of configuration Debug for project Blinky_CM7 ****
make -j9 all 
arm-none-eabi-gcc "../Core/Src/main.c" -mcpu=cortex-m7 -std=gnu11 -g3 -DDEBUG -DCORE_CM7 -DUSE_HAL_DRIVER -DSTM32H747xx -c -I../Core/Inc -I../../Drivers/STM32H7xx_HAL_Driver/Inc -I../../Drivers/STM32H7xx_HAL_Driver/Inc/Legacy -I../../Drivers/CMSIS/Device/ST/STM32H7xx/Include -I../../Drivers/CMSIS/Include -O0 -ffunction-sections -fdata-sections -Wall -fstack-usage -MMD -MP -MF"Core/Src/main.d" -MT"Core/Src/main.o" --specs=nano.specs -mfpu=fpv5-d16 -mfloat-abi=hard -mthumb -o "Core/Src/main.o"
arm-none-eabi-gcc -o "Blinky_CM7.elf" @"objects.list"   -mcpu=cortex-m7 -T"/Users/soft99/STM32H7samplecodes/Blinky/CM7/STM32H747XIHX_FLASH.ld" --specs=nosys.specs -Wl,-Map="Blinky_CM7.map" -Wl,--gc-sections -static --specs=nano.specs -mfpu=fpv5-d16 -mfloat-abi=hard -mthumb -Wl,--start-group -lc -lm -Wl,--end-group
Finished building target: Blinky_CM7.elf
 
arm-none-eabi-size   Blinky_CM7.elf 
arm-none-eabi-objdump -h -S  Blinky_CM7.elf  > "Blinky_CM7.list"
   text	   data	    bss	    dec	    hex	filename
   7796	     24	   1568	   9388	   24ac	Blinky_CM7.elf
Finished building: default.size.stdout
 
Finished building: Blinky_CM7.list
 
17:14:28 **** Incremental Build of configuration Debug for project Blinky_CM4 ****
make -j9 all 
arm-none-eabi-size   Blinky_CM4.elf 
   text	   data	    bss	    dec	    hex	filename
   3420	     24	   1568	   5012	   1394	Blinky_CM4.elf
Finished building: default.size.stdout
 
17:14:29 **** Incremental Build of configuration Debug for project Blinky_CM7 ****
make -j9 all 
arm-none-eabi-size   Blinky_CM7.elf 
   text	   data	    bss	    dec	    hex	filename
   7796	     24	   1568	   9388	   24ac	Blinky_CM7.elf
Finished building: default.size.stdout
 
17:14:59 **** Incremental Build of configuration Debug for project Blinky_CM4 ****
make -j9 all 
arm-none-eabi-size   Blinky_CM4.elf 
   text	   data	    bss	    dec	    hex	filename
   3420	     24	   1568	   5012	   1394	Blinky_CM4.elf
Finished building: default.size.stdout
 
17:15:00 **** Incremental Build of configuration Debug for project Blinky_CM7 ****
make -j9 all 
arm-none-eabi-size   Blinky_CM7.elf 
   text	   data	    bss	    dec	    hex	filename
   7796	     24	   1568	   9388	   24ac	Blinky_CM7.elf
Finished building: default.size.stdout
 
17:17:03 **** Incremental Build of configuration Debug for project Blinky_CM4 ****
make -j9 all 
arm-none-eabi-gcc "../Core/Src/main.c" -mcpu=cortex-m4 -std=gnu11 -g3 -DDEBUG -DCORE_CM4 -DUSE_HAL_DRIVER -DSTM32H747xx -c -I../Core/Inc -I../../Drivers/STM32H7xx_HAL_Driver/Inc -I../../Drivers/STM32H7xx_HAL_Driver/Inc/Legacy -I../../Drivers/CMSIS/Device/ST/STM32H7xx/Include -I../../Drivers/CMSIS/Include -O0 -ffunction-sections -fdata-sections -Wall -fstack-usage -MMD -MP -MF"Core/Src/main.d" -MT"Core/Src/main.o" --specs=nano.specs -mfpu=fpv4-sp-d16 -mfloat-abi=hard -mthumb -o "Core/Src/main.o"
arm-none-eabi-gcc -o "Blinky_CM4.elf" @"objects.list"   -mcpu=cortex-m4 -T"/Users/soft99/STM32H7samplecodes/Blinky/CM4/STM32H747XIHX_FLASH.ld" --specs=nosys.specs -Wl,-Map="Blinky_CM4.map" -Wl,--gc-sections -static --specs=nano.specs -mfpu=fpv4-sp-d16 -mfloat-abi=hard -mthumb -Wl,--start-group -lc -lm -Wl,--end-group
Finished building target: Blinky_CM4.elf
 
arm-none-eabi-size   Blinky_CM4.elf 
arm-none-eabi-objdump -h -S  Blinky_CM4.elf  > "Blinky_CM4.list"
   text	   data	    bss	    dec	    hex	filename
   2960	     24	   1568	   4552	   11c8	Blinky_CM4.elf
Finished building: default.size.stdout
 
Finished building: Blinky_CM4.list
 
17:17:04 **** Incremental Build of configuration Debug for project Blinky_CM7 ****
make -j9 all 
arm-none-eabi-gcc "../Core/Src/main.c" -mcpu=cortex-m7 -std=gnu11 -g3 -DDEBUG -DCORE_CM7 -DUSE_HAL_DRIVER -DSTM32H747xx -c -I../Core/Inc -I../../Drivers/STM32H7xx_HAL_Driver/Inc -I../../Drivers/STM32H7xx_HAL_Driver/Inc/Legacy -I../../Drivers/CMSIS/Device/ST/STM32H7xx/Include -I../../Drivers/CMSIS/Include -O0 -ffunction-sections -fdata-sections -Wall -fstack-usage -MMD -MP -MF"Core/Src/main.d" -MT"Core/Src/main.o" --specs=nano.specs -mfpu=fpv5-d16 -mfloat-abi=hard -mthumb -o "Core/Src/main.o"
arm-none-eabi-gcc -o "Blinky_CM7.elf" @"objects.list"   -mcpu=cortex-m7 -T"/Users/soft99/STM32H7samplecodes/Blinky/CM7/STM32H747XIHX_FLASH.ld" --specs=nosys.specs -Wl,-Map="Blinky_CM7.map" -Wl,--gc-sections -static --specs=nano.specs -mfpu=fpv5-d16 -mfloat-abi=hard -mthumb -Wl,--start-group -lc -lm -Wl,--end-group
Finished building target: Blinky_CM7.elf
 
arm-none-eabi-size   Blinky_CM7.elf 
arm-none-eabi-objdump -h -S  Blinky_CM7.elf  > "Blinky_CM7.list"
   text	   data	    bss	    dec	    hex	filename
   7756	     24	   1568	   9348	   2484	Blinky_CM7.elf
Finished building: default.size.stdout
 
Finished building: Blinky_CM7.list
 
17:27:03 **** Incremental Build of configuration Debug for project Blinky_CM4 ****
make -j9 all 
arm-none-eabi-size   Blinky_CM4.elf 
   text	   data	    bss	    dec	    hex	filename
   2960	     24	   1568	   4552	   11c8	Blinky_CM4.elf
Finished building: default.size.stdout
 
17:27:04 **** Incremental Build of configuration Debug for project Blinky_CM7 ****
make -j9 all 
arm-none-eabi-size   Blinky_CM7.elf 
   text	   data	    bss	    dec	    hex	filename
   7756	     24	   1568	   9348	   2484	Blinky_CM7.elf
Finished building: default.size.stdout
 
17:28:08 **** Incremental Build of configuration Debug for project Blinky_CM4 ****
make -j9 all 
arm-none-eabi-size   Blinky_CM4.elf 
   text	   data	    bss	    dec	    hex	filename
   2960	     24	   1568	   4552	   11c8	Blinky_CM4.elf
Finished building: default.size.stdout
 
17:28:24 **** Incremental Build of configuration Debug for project Blinky_CM4 ****
make -j9 all 
arm-none-eabi-size   Blinky_CM4.elf 
   text	   data	    bss	    dec	    hex	filename
   2960	     24	   1568	   4552	   11c8	Blinky_CM4.elf
Finished building: default.size.stdout
 
17:28:43 **** Incremental Build of configuration Debug for project Blinky_CM4 ****
make -j9 all 
arm-none-eabi-size   Blinky_CM4.elf 
   text	   data	    bss	    dec	    hex	filename
   2960	     24	   1568	   4552	   11c8	Blinky_CM4.elf
Finished building: default.size.stdout
 
17:28:43 **** Incremental Build of configuration Debug for project Blinky_CM7 ****
make -j9 all 
arm-none-eabi-size   Blinky_CM7.elf 
   text	   data	    bss	    dec	    hex	filename
   7756	     24	   1568	   9348	   2484	Blinky_CM7.elf
Finished building: default.size.stdout
 
17:31:24 **** Incremental Build of configuration Debug for project Blinky_CM4 ****
make -j9 all 
arm-none-eabi-size   Blinky_CM4.elf 
   text	   data	    bss	    dec	    hex	filename
   2960	     24	   1568	   4552	   11c8	Blinky_CM4.elf
Finished building: default.size.stdout
 
17:31:25 **** Incremental Build of configuration Debug for project Blinky_CM7 ****
make -j9 all 
arm-none-eabi-size   Blinky_CM7.elf 
   text	   data	    bss	    dec	    hex	filename
   7756	     24	   1568	   9348	   2484	Blinky_CM7.elf
Finished building: default.size.stdout
 
17:32:19 **** Incremental Build of configuration Debug for project Blinky_CM4 ****
make -j9 all 
arm-none-eabi-size   Blinky_CM4.elf 
   text	   data	    bss	    dec	    hex	filename
   2960	     24	   1568	   4552	   11c8	Blinky_CM4.elf
Finished building: default.size.stdout
 
17:32:20 **** Incremental Build of configuration Debug for project Blinky_CM7 ****
make -j9 all 
arm-none-eabi-size   Blinky_CM7.elf 
   text	   data	    bss	    dec	    hex	filename
   7756	     24	   1568	   9348	   2484	Blinky_CM7.elf
Finished building: default.size.stdout
 
17:34:39 **** Incremental Build of configuration Debug for project Blinky_CM4 ****
make -j9 all 
arm-none-eabi-gcc "../Core/Src/main.c" -mcpu=cortex-m4 -std=gnu11 -g3 -DDEBUG -DCORE_CM4 -DUSE_HAL_DRIVER -DSTM32H747xx -c -I../Core/Inc -I../../Drivers/STM32H7xx_HAL_Driver/Inc -I../../Drivers/STM32H7xx_HAL_Driver/Inc/Legacy -I../../Drivers/CMSIS/Device/ST/STM32H7xx/Include -I../../Drivers/CMSIS/Include -O0 -ffunction-sections -fdata-sections -Wall -fstack-usage -MMD -MP -MF"Core/Src/main.d" -MT"Core/Src/main.o" --specs=nano.specs -mfpu=fpv4-sp-d16 -mfloat-abi=hard -mthumb -o "Core/Src/main.o"
arm-none-eabi-gcc -o "Blinky_CM4.elf" @"objects.list"   -mcpu=cortex-m4 -T"/Users/soft99/STM32H7samplecodes/Blinky/CM4/STM32H747XIHX_FLASH.ld" --specs=nosys.specs -Wl,-Map="Blinky_CM4.map" -Wl,--gc-sections -static --specs=nano.specs -mfpu=fpv4-sp-d16 -mfloat-abi=hard -mthumb -Wl,--start-group -lc -lm -Wl,--end-group
Finished building target: Blinky_CM4.elf
 
arm-none-eabi-size   Blinky_CM4.elf 
arm-none-eabi-objdump -h -S  Blinky_CM4.elf  > "Blinky_CM4.list"
   text	   data	    bss	    dec	    hex	filename
   3420	     24	   1568	   5012	   1394	Blinky_CM4.elf
Finished building: default.size.stdout
 
Finished building: Blinky_CM4.list
 
17:34:40 **** Incremental Build of configuration Debug for project Blinky_CM7 ****
make -j9 all 
arm-none-eabi-size   Blinky_CM7.elf 
   text	   data	    bss	    dec	    hex	filename
   7756	     24	   1568	   9348	   2484	Blinky_CM7.elf
Finished building: default.size.stdout
 
17:34:49 **** Incremental Build of configuration Debug for project Blinky_CM4 ****
make -j9 all 
arm-none-eabi-size   Blinky_CM4.elf 
   text	   data	    bss	    dec	    hex	filename
   3420	     24	   1568	   5012	   1394	Blinky_CM4.elf
Finished building: default.size.stdout
 
17:34:50 **** Incremental Build of configuration Debug for project Blinky_CM7 ****
make -j9 all 
arm-none-eabi-size   Blinky_CM7.elf 
   text	   data	    bss	    dec	    hex	filename
   7756	     24	   1568	   9348	   2484	Blinky_CM7.elf
Finished building: default.size.stdout
 
20:48:31 **** Build of configuration Debug for project Blinky_CM4 ****
make -j9 all 
arm-none-eabi-gcc "../Core/Src/main.c" -mcpu=cortex-m4 -std=gnu11 -g3 -DDEBUG -DCORE_CM4 -DUSE_HAL_DRIVER -DSTM32H747xx -c -I../Core/Inc -I../../Drivers/STM32H7xx_HAL_Driver/Inc -I../../Drivers/STM32H7xx_HAL_Driver/Inc/Legacy -I../../Drivers/CMSIS/Device/ST/STM32H7xx/Include -I../../Drivers/CMSIS/Include -O0 -ffunction-sections -fdata-sections -Wall -fstack-usage -MMD -MP -MF"Core/Src/main.d" -MT"Core/Src/main.o" --specs=nano.specs -mfpu=fpv4-sp-d16 -mfloat-abi=hard -mthumb -o "Core/Src/main.o"
arm-none-eabi-gcc "../Core/Src/stm32h7xx_it.c" -mcpu=cortex-m4 -std=gnu11 -g3 -DDEBUG -DCORE_CM4 -DUSE_HAL_DRIVER -DSTM32H747xx -c -I../Core/Inc -I../../Drivers/STM32H7xx_HAL_Driver/Inc -I../../Drivers/STM32H7xx_HAL_Driver/Inc/Legacy -I../../Drivers/CMSIS/Device/ST/STM32H7xx/Include -I../../Drivers/CMSIS/Include -O0 -ffunction-sections -fdata-sections -Wall -fstack-usage -MMD -MP -MF"Core/Src/stm32h7xx_it.d" -MT"Core/Src/stm32h7xx_it.o" --specs=nano.specs -mfpu=fpv4-sp-d16 -mfloat-abi=hard -mthumb -o "Core/Src/stm32h7xx_it.o"
arm-none-eabi-gcc -o "Blinky_CM4.elf" @"objects.list"   -mcpu=cortex-m4 -T"/Users/soft99/STM32H7samplecodes/Blinky/CM4/STM32H747XIHX_FLASH.ld" --specs=nosys.specs -Wl,-Map="Blinky_CM4.map" -Wl,--gc-sections -static --specs=nano.specs -mfpu=fpv4-sp-d16 -mfloat-abi=hard -mthumb -Wl,--start-group -lc -lm -Wl,--end-group
Finished building target: Blinky_CM4.elf
 
arm-none-eabi-size   Blinky_CM4.elf 
arm-none-eabi-objdump -h -S  Blinky_CM4.elf  > "Blinky_CM4.list"
   text	   data	    bss	    dec	    hex	filename
   3324	     24	   1568	   4916	   1334	Blinky_CM4.elf
Finished building: default.size.stdout
 
Finished building: Blinky_CM4.list
 
20:48:33 **** Build of configuration Debug for project Blinky_CM7 ****
make -j9 all 
arm-none-eabi-gcc "../Core/Src/main.c" -mcpu=cortex-m7 -std=gnu11 -g3 -DDEBUG -DCORE_CM7 -DUSE_HAL_DRIVER -DSTM32H747xx -c -I../Core/Inc -I../../Drivers/STM32H7xx_HAL_Driver/Inc -I../../Drivers/STM32H7xx_HAL_Driver/Inc/Legacy -I../../Drivers/CMSIS/Device/ST/STM32H7xx/Include -I../../Drivers/CMSIS/Include -O0 -ffunction-sections -fdata-sections -Wall -fstack-usage -MMD -MP -MF"Core/Src/main.d" -MT"Core/Src/main.o" --specs=nano.specs -mfpu=fpv5-d16 -mfloat-abi=hard -mthumb -o "Core/Src/main.o"
arm-none-eabi-gcc -o "Blinky_CM7.elf" @"objects.list"   -mcpu=cortex-m7 -T"/Users/soft99/STM32H7samplecodes/Blinky/CM7/STM32H747XIHX_FLASH.ld" --specs=nosys.specs -Wl,-Map="Blinky_CM7.map" -Wl,--gc-sections -static --specs=nano.specs -mfpu=fpv5-d16 -mfloat-abi=hard -mthumb -Wl,--start-group -lc -lm -Wl,--end-group
Finished building target: Blinky_CM7.elf
 
arm-none-eabi-size   Blinky_CM7.elf 
arm-none-eabi-objdump -h -S  Blinky_CM7.elf  > "Blinky_CM7.list"
   text	   data	    bss	    dec	    hex	filename
   7796	     24	   1568	   9388	   24ac	Blinky_CM7.elf
Finished building: default.size.stdout
 
Finished building: Blinky_CM7.list
 
20:49:38 **** Incremental Build of configuration Debug for project Blinky_CM4 ****
make -j9 all 
arm-none-eabi-size   Blinky_CM4.elf 
   text	   data	    bss	    dec	    hex	filename
   3324	     24	   1568	   4916	   1334	Blinky_CM4.elf
Finished building: default.size.stdout
 
20:49:53 **** Incremental Build of configuration Debug for project Blinky_CM7 ****
make -j9 all 
arm-none-eabi-size   Blinky_CM7.elf 
   text	   data	    bss	    dec	    hex	filename
   7796	     24	   1568	   9388	   24ac	Blinky_CM7.elf
Finished building: default.size.stdout
 
20:50:36 **** Incremental Build of configuration Debug for project Blinky_CM7 ****
make -j9 all 
arm-none-eabi-size   Blinky_CM7.elf 
   text	   data	    bss	    dec	    hex	filename
   7796	     24	   1568	   9388	   24ac	Blinky_CM7.elf
Finished building: default.size.stdout
 
20:51:12 **** Incremental Build of configuration Debug for project Blinky_CM7 ****
make -j9 all 
arm-none-eabi-size   Blinky_CM7.elf 
   text	   data	    bss	    dec	    hex	filename
   7796	     24	   1568	   9388	   24ac	Blinky_CM7.elf
Finished building: default.size.stdout
 
20:53:27 **** Incremental Build of configuration Debug for project Blinky_CM4 ****
make -j9 all 
arm-none-eabi-size   Blinky_CM4.elf 
   text	   data	    bss	    dec	    hex	filename
   3324	     24	   1568	   4916	   1334	Blinky_CM4.elf
Finished building: default.size.stdout
 
20:53:27 **** Incremental Build of configuration Debug for project Blinky_CM7 ****
make -j9 all 
arm-none-eabi-size   Blinky_CM7.elf 
   text	   data	    bss	    dec	    hex	filename
   7796	     24	   1568	   9388	   24ac	Blinky_CM7.elf
Finished building: default.size.stdout
 
20:53:31 **** Incremental Build of configuration Debug for project Blinky_CM4 ****
make -j9 all 
arm-none-eabi-size   Blinky_CM4.elf 
   text	   data	    bss	    dec	    hex	filename
   3324	     24	   1568	   4916	   1334	Blinky_CM4.elf
Finished building: default.size.stdout
 
20:53:31 **** Incremental Build of configuration Debug for project Blinky_CM7 ****
make -j9 all 
arm-none-eabi-size   Blinky_CM7.elf 
   text	   data	    bss	    dec	    hex	filename
   7796	     24	   1568	   9388	   24ac	Blinky_CM7.elf
Finished building: default.size.stdout
 
